// Jest Snapshot v1, https://goo.gl/fbAQLP

exports[`The code input field component should render a wrapper 1`] = `
<div
  className="code-field"
  id="testInputField"
>
  <InputFieldWrapper
    focusOnLoad={false}
    id="testInputField"
    labelLayoutWidth="1/1"
    labelWidthBreakpoint="sm"
    onChangeHandler={[MockFunction]}
    staticField={false}
    touched={false}
  >
    <input
      className="input"
      id="testInputField__0"
      key="0"
      maxLength={1}
      name="testInputField"
      onChange={[Function]}
      onKeyDown={[Function]}
      placeholder={null}
      type="text"
      value="2"
    />
    <input
      className="input"
      id="testInputField__1"
      key="1"
      maxLength={1}
      name="testInputField"
      onChange={[Function]}
      onKeyDown={[Function]}
      placeholder={null}
      type="text"
      value="0"
    />
    <input
      className="input"
      id="testInputField__2"
      key="2"
      maxLength={1}
      name="testInputField"
      onChange={[Function]}
      onKeyDown={[Function]}
      placeholder={null}
      type="text"
      value="1"
    />
    <input
      className="input"
      id="testInputField__3"
      key="3"
      maxLength={1}
      name="testInputField"
      onChange={[Function]}
      onKeyDown={[Function]}
      placeholder={null}
      type="text"
      value="8"
    />
    <input
      className="input"
      id="testInputField__4"
      key="4"
      maxLength={1}
      name="testInputField"
      onChange={[Function]}
      onKeyDown={[Function]}
      placeholder={null}
      type="text"
      value=""
    />
    <input
      className="input"
      id="testInputField__5"
      key="5"
      maxLength={1}
      name="testInputField"
      onChange={[Function]}
      onKeyDown={[Function]}
      placeholder={null}
      type="text"
      value=""
    />
  </InputFieldWrapper>
</div>
`;
