// Jest Snapshot v1, https://goo.gl/fbAQLP

exports[`The date field component should render a wrapper 1`] = `
<InputFieldWrapper
  id="testInputField"
  labelLayoutWidth="1/1"
  labelWidthBreakpoint="sm"
  onChangeHandler={[MockFunction]}
  staticField={false}
  touched={false}
>
  <div
    className="date-picker"
    id="testInputField"
  >
    <DatePicker
      calendarIcon={null}
      clearIcon={null}
      isOpen={null}
      locale="en-GB"
      onChange={[Function]}
      returnValue="start"
      value={1970-01-01T00:00:00.000Z}
    />
  </div>
</InputFieldWrapper>
`;
