// Jest Snapshot v1, https://goo.gl/fbAQLP

exports[`The file upload field component should render a wrapper 1`] = `
<InputFieldWrapper
  id="testInputField"
  labelLayoutWidth="1/1"
  labelWidthBreakpoint="sm"
  onChangeHandler={[MockFunction]}
  onReadHandler={[MockFunction]}
  showValidationError={true}
  staticField={false}
  touched={false}
>
  <FileUpload
    buttonText="Choose file"
    disabled={false}
    id="testInputField"
    onChangeHandler={[Function]}
    placeholder="a text placeholder"
    uploading={false}
  />
</InputFieldWrapper>
`;
