// Jest Snapshot v1, https://goo.gl/fbAQLP

exports[`The select field component should render a wrapper 1`] = `
<InputFieldWrapper
  id="testInputField"
  labelLayoutWidth="1/1"
  labelWidthBreakpoint="sm"
  onChangeHandler={[MockFunction]}
  staticField={false}
  touched={false}
>
  <DropDownMenu
    activeLabel={3}
    id="testInputField"
  >
    <DropDownMenuItem
      active={false}
      key="0"
      onClickHandler={[Function]}
    >
      Option 1
    </DropDownMenuItem>
    <DropDownMenuItem
      active={false}
      disabled={true}
      key="1"
      onClickHandler={[Function]}
    >
      Option 2
    </DropDownMenuItem>
    <DropDownMenuItem
      active={true}
      key="2"
      onClickHandler={[Function]}
    >
      Option 3
    </DropDownMenuItem>
  </DropDownMenu>
</InputFieldWrapper>
`;
