// Jest Snapshot v1, https://goo.gl/fbAQLP

exports[`The AboutDialog component should render 1`] = `
<div
  className="about-dialog"
>
  <PopupBase
    headerText="About test app"
    width="md"
  >
    <p>
      Version: 1.0.0
    </p>
    <p>
      For support visit:
         
      <a
        href="https://ultimaker.support.com/"
        rel="noopener noreferrer"
        target="_blank"
      >
        Support link
      </a>
    </p>
    <p>
      test app uses the following Open Source components:
    </p>
    <table
      className="about-components-list"
    >
      <tbody>
        <tr
          key="testComponent"
        >
          <td
            className="about-component-name"
          >
            <a
              href="https://ultimaker.com/"
              rel="noopener noreferrer"
              target="_blank"
            >
              testComponent
            </a>
          </td>
          <td
            className="about-component-license"
          >
            <a
              href="https://spdx.org/licenses/MIT.html"
              rel="noopener noreferrer"
              target="_blank"
            >
              license MIT
            </a>
          </td>
        </tr>
      </tbody>
    </table>
    <FormActions
      align="right"
    >
      <Button
        appearance="primary"
        className=""
        linkToNewTab={false}
        onClickHandler={[MockFunction]}
        shape="rectangle"
        type="button"
      >
        Close
      </Button>
    </FormActions>
  </PopupBase>
</div>
`;
