// Jest Snapshot v1, https://goo.gl/fbAQLP

exports[`The AppSwitcherMenu component should render 1`] = `
<div
  className="app-switcher-menu"
>
  <div
    className="app-switcher-menu--desktop show-sm"
  >
    <DropDownMenuBase
      menuDirection="south"
      onToggleMenuHandler={[Function]}
      triggerElement={<AppSwitcherTrigger />}
    >
      <div>
        <li
          key="https://mycloud-staging.ultimaker.com"
        >
          <Button
            appearance="no-style"
            className="drop-down-menu-base__item"
            linkToNewTab={false}
            linkURL="https://mycloud-staging.ultimaker.com"
            shape="rectangle"
            type="link"
          >
            <span
              className="text"
            >
              My Cloud Portal
            </span>
          </Button>
        </li>
        <li
          key="https://account-staging.ultimaker.com"
        >
          <Button
            appearance="no-style"
            className="drop-down-menu-base__item"
            linkToNewTab={false}
            linkURL="https://account-staging.ultimaker.com"
            shape="rectangle"
            type="link"
          >
            <span
              className="text"
            >
              Account
            </span>
          </Button>
        </li>
        <li
          key="https://contribute-staging.ultimaker.com"
        >
          <Button
            appearance="no-style"
            className="drop-down-menu-base__item"
            linkToNewTab={false}
            linkURL="https://contribute-staging.ultimaker.com"
            shape="rectangle"
            type="link"
          >
            <span
              className="text"
            >
              Marketplace Portal
            </span>
          </Button>
        </li>
        <Divider
          direction="horizontal"
          margin={true}
          width="1px"
        />
        <li
          key="https://community.ultimaker.com"
        >
          <Button
            appearance="no-style"
            className="drop-down-menu-base__item"
            linkToNewTab={false}
            linkURL="https://community.ultimaker.com"
            shape="rectangle"
            type="link"
          >
            <span
              className="text"
            >
              Ultimaker Community
            </span>
          </Button>
        </li>
        <li
          key="https://ultimaker.com"
        >
          <Button
            appearance="no-style"
            className="drop-down-menu-base__item"
            linkToNewTab={false}
            linkURL="https://ultimaker.com"
            shape="rectangle"
            type="link"
          >
            <span
              className="text"
            >
              Ultimaker.com
            </span>
          </Button>
        </li>
      </div>
    </DropDownMenuBase>
  </div>
  <div
    className="app-switcher-menu--mobile hide-sm"
  >
    <Button
      appearance="no-style"
      className=""
      linkToNewTab={false}
      onClickHandler={[Function]}
      shape="rectangle"
      type="button"
    >
      <AppSwitcherTrigger />
    </Button>
    <SlideInPanel
      includeHeader={false}
      onOverlayClickHandler={[Function]}
      slideDirection="right"
      width="30rem"
    >
      <ul
        className="drop-down-menu-base__menu-list"
      >
        <li
          key="https://mycloud-staging.ultimaker.com"
        >
          <Button
            appearance="no-style"
            className="drop-down-menu-base__item"
            linkToNewTab={false}
            linkURL="https://mycloud-staging.ultimaker.com"
            shape="rectangle"
            type="link"
          >
            <span
              className="text"
            >
              My Cloud Portal
            </span>
          </Button>
        </li>
        <li
          key="https://account-staging.ultimaker.com"
        >
          <Button
            appearance="no-style"
            className="drop-down-menu-base__item"
            linkToNewTab={false}
            linkURL="https://account-staging.ultimaker.com"
            shape="rectangle"
            type="link"
          >
            <span
              className="text"
            >
              Account
            </span>
          </Button>
        </li>
        <li
          key="https://contribute-staging.ultimaker.com"
        >
          <Button
            appearance="no-style"
            className="drop-down-menu-base__item"
            linkToNewTab={false}
            linkURL="https://contribute-staging.ultimaker.com"
            shape="rectangle"
            type="link"
          >
            <span
              className="text"
            >
              Marketplace Portal
            </span>
          </Button>
        </li>
        <Divider
          direction="horizontal"
          margin={true}
          width="1px"
        />
        <li
          key="https://community.ultimaker.com"
        >
          <Button
            appearance="no-style"
            className="drop-down-menu-base__item"
            linkToNewTab={false}
            linkURL="https://community.ultimaker.com"
            shape="rectangle"
            type="link"
          >
            <span
              className="text"
            >
              Ultimaker Community
            </span>
          </Button>
        </li>
        <li
          key="https://ultimaker.com"
        >
          <Button
            appearance="no-style"
            className="drop-down-menu-base__item"
            linkToNewTab={false}
            linkURL="https://ultimaker.com"
            shape="rectangle"
            type="link"
          >
            <span
              className="text"
            >
              Ultimaker.com
            </span>
          </Button>
        </li>
      </ul>
    </SlideInPanel>
  </div>
</div>
`;
