// Jest Snapshot v1, https://goo.gl/fbAQLP

exports[`The Checkbox component should render 1`] = `
<div
  className="checkbox"
>
  <label
    htmlFor="testCheckbox"
  >
    <input
      checked={false}
      className="checkbox__input"
      id="testCheckbox"
      name="testCheckbox"
      onChange={[Function]}
      type="checkbox"
    />
    <span
      className="checkbox__visual"
    />
  </label>
</div>
`;
