// Jest Snapshot v1, https://goo.gl/fbAQLP

exports[`The ContextMenu component should render 1`] = `
<div
  className="context-menu context-menu--south"
>
  <Button
    className="trigger"
    linkToNewTab={false}
    onClickHandler={[Function]}
    shape="rectangle"
    style="no-style"
    type="button"
  >
    <div
      style={
        Object {
          "width": 45,
        }
      }
    />
  </Button>
  <div
    className="container"
  >
    <div
      className="menu"
      style={
        Object {
          "right": -30,
          "width": 200,
        }
      }
    >
      <Collapse
        fixedHeight={-1}
        forceInitialAnimation={false}
        hasNestedCollapse={false}
        isOpened={false}
        onMeasure={[Function]}
        onRender={[Function]}
        onRest={[Function]}
        springConfig={
          Object {
            "damping": 32,
            "stiffness": 390,
          }
        }
        style={Object {}}
        theme={
          Object {
            "collapse": "ReactCollapse--collapse",
            "content": "ReactCollapse--content",
          }
        }
      >
        <ul />
      </Collapse>
    </div>
  </div>
</div>
`;
