// Jest Snapshot v1, https://goo.gl/fbAQLP

exports[`The DropDownMenuItem component should render 1`] = `
<li>
  <Button
    appearance="no-style"
    className="drop-down-menu-base__item"
    linkToNewTab={false}
    onClickHandler={[Function]}
    shape="rectangle"
    type="button"
  >
    Menu item
  </Button>
</li>
`;
