// Jest Snapshot v1, https://goo.gl/fbAQLP

exports[`The DropDownMenu component should render 1`] = `
<div
  className="drop-down-menu"
>
  <DropDownMenuBase
    onToggleMenuHandler={[Function]}
    showMenu={false}
    triggerElement={
      <div
        className="layout layout--align-middle layout--gutter-none"
      >
        <div
          className="layout__item u-fit"
        >
          <div
            className="drop-down-menu-base__button-label"
          >
            Active label
          </div>
        </div>
        <div
          className="layout__item u-fit layout__item--right"
        >
          <PanelArrow
            active={false}
            color="blue"
            width="1.2rem"
          />
        </div>
      </div>
    }
  />
</div>
`;
