// Jest Snapshot v1, https://goo.gl/fbAQLP

exports[`The FileUpload component should render 1`] = `
<div
  className="file-upload"
>
  <div
    className="layout layout--gutter-sm"
  >
    <div
      className="layout__item u-fill file-upload__input-container"
    >
      <div
        className="file-upload__input"
      />
    </div>
    <div
      className="layout__item u-fit"
    >
      <label
        htmlFor="testFileUpload"
      >
        <input
          accept={null}
          id="testFileUpload"
          name="testFileUpload"
          onChange={[Function]}
          placeholder="A text placeholder"
          type="file"
        />
        <span
          className="btn btn--primary"
        >
          <span
            className="text"
          >
            Choose file
          </span>
        </span>
      </label>
    </div>
  </div>
</div>
`;
