// Jest Snapshot v1, https://goo.gl/fbAQLP

exports[`The FileUpload component should render 1`] = `
<div
  className="file-upload"
  onClick={[Function]}
>
  <div
    className="layout layout--gutter-sm"
  >
    <div
      className="layout__item u-fill file-upload__input-container"
    >
      <label
        className="file-upload__input"
        htmlFor="testFileUpload"
      />
    </div>
    <div
      className="layout__item u-fit"
    >
      <input
        accept={null}
        id="testFileUpload"
        name="testFileUpload"
        onChange={[Function]}
        placeholder="A text placeholder"
        type="file"
      />
      <label
        className="btn btn--primary"
        htmlFor="testFileUpload"
      >
        <span
          className="text"
        >
          Choose file
        </span>
      </label>
    </div>
  </div>
</div>
`;
