// Jest Snapshot v1, https://goo.gl/fbAQLP

exports[`The Form component should render 1`] = `
<form
  className="form"
  noValidate={true}
  onSubmit={[Function]}
>
  <FormActions
    align="right"
  >
    <Button
      appearance="primary"
      className=""
      disabled={true}
      linkToNewTab={false}
      shape="rectangle"
      type="submit"
    >
      primaryBtnText
    </Button>
  </FormActions>
</form>
`;

exports[`The Form component should render with a form item 1`] = `
<Form
  onSubmitHandler={[MockFunction]}
  primaryBtnText="primaryBtnText"
>
  <form
    className="form"
    noValidate={true}
    onSubmit={[Function]}
  >
    <div
      className="form__item"
      key=".0"
    >
      <InputField
        id="test"
        labelLayoutWidth="1/1"
        labelWidthBreakpoint="sm"
        onChangeHandler={[MockFunction]}
        staticField={false}
        type="text"
        value={null}
      >
        <TextField
          id="test"
          labelLayoutWidth="1/1"
          labelWidthBreakpoint="sm"
          onChangeHandler={[MockFunction]}
          staticField={false}
          type="text"
          value={null}
        >
          <DefaultInputField
            id="test"
            labelLayoutWidth="1/1"
            labelWidthBreakpoint="sm"
            onChangeHandler={[MockFunction]}
            staticField={false}
            type="text"
            value={null}
          >
            <InputFieldWrapper
              id="test"
              labelLayoutWidth="1/1"
              labelWidthBreakpoint="sm"
              onChangeHandler={[MockFunction]}
              staticField={false}
              touched={false}
            >
              <div
                className="input-field layout"
              >
                <div
                  className="layout__item u-fill layout__item--middle"
                >
                  <div
                    className="input-container layout layout--gutter-xs"
                  >
                    <div
                      className="input-wrapper-children layout__item u-fill"
                    >
                      <input
                        className="input"
                        id="test"
                        max={null}
                        min={null}
                        name="test"
                        onChange={[Function]}
                        type="text"
                        value=""
                      />
                    </div>
                  </div>
                </div>
              </div>
            </InputFieldWrapper>
          </DefaultInputField>
        </TextField>
      </InputField>
    </div>
    <FormActions
      align="right"
    >
      <div
        className="form-actions form-actions--right"
      >
        <div
          className="form-actions__btn-container"
          key="0"
        >
          <Button
            appearance="primary"
            className=""
            disabled={true}
            key=".0"
            linkToNewTab={false}
            shape="rectangle"
            type="submit"
          >
            <button
              className="btn btn--primary btn--rectangle  disabled"
              disabled={true}
              onClick={[Function]}
              type="submit"
            >
              <span
                className="text"
              >
                primaryBtnText
              </span>
            </button>
          </Button>
        </div>
      </div>
    </FormActions>
  </form>
</Form>
`;
