// Jest Snapshot v1, https://goo.gl/fbAQLP

exports[`The form actions component should render its children 1`] = `
<div
  className="form-actions form-actions--right"
>
  <div
    className="form-actions__btn-container"
    key="0"
  >
    <Button
      appearance="primary"
      className=""
      key=".0"
      linkToNewTab={false}
      shape="rectangle"
      type="button"
    >
      First Button
    </Button>
  </div>
  <div
    className="form-actions__btn-container"
    key="1"
  >
    <Button
      appearance="primary"
      className=""
      key=".1"
      linkToNewTab={false}
      shape="rectangle"
      type="button"
    >
      Second Button
    </Button>
  </div>
</div>
`;
