// Jest Snapshot v1, https://goo.gl/fbAQLP

exports[`The Image Cropper component should render 1`] = `
<div
  className="image-cropper--container"
>
  <l
    border={0}
    borderRadius={0}
    className="editor-canvas"
    color={
      Array [
        0,
        0,
        0,
        0.5,
      ]
    }
    disableBoundaryChecks={false}
    disableHiDPIScaling={false}
    height={200}
    image={null}
    onImageChange={[Function]}
    onImageReady={[Function]}
    onLoadFailure={[Function]}
    onLoadSuccess={[Function]}
    onMouseMove={[Function]}
    onMouseUp={[Function]}
    onPositionChange={[Function]}
    position={
      Object {
        "x": 0.5,
        "y": 0.5,
      }
    }
    rotate={0}
    scale={1}
    width={200}
  />
  <RangeSlider
    className="image-cropper--slider"
    max={2.5}
    min={0.5}
    onChange={[Function]}
    step={0.05}
    value={1}
  />
  <CloseButton
    color="white"
    onClickHandler={[MockFunction]}
  />
</div>
`;
