// Jest Snapshot v1, https://goo.gl/fbAQLP

exports[`The image upload component should render 1`] = `
<div
  className="image-upload"
>
  <t
    accept="image/jpeg, image/png"
    disableClick={false}
    disablePreview={false}
    disabled={false}
    getDataTransferItems={[Function]}
    inputProps={Object {}}
    maxSize={Infinity}
    minSize={0}
    multiple={false}
    onBlur={[Function]}
    onDragEnter={[Function]}
    onDragLeave={[Function]}
    onDrop={[Function]}
    onFocus={[Function]}
    preventDropOnDocument={true}
    style={
      Object {
        "height": "18rem",
        "width": "18rem",
      }
    }
  >
    <div
      className="hover-area"
    >
      <div
        className="hide"
      >
        <Icon(UploadIcon) />
      </div>
    </div>
    <div
      className="placeholder placeholder--round"
    />
  </t>
</div>
`;
