// Jest Snapshot v1, https://goo.gl/fbAQLP

exports[`The Modal component should render 1`] = `null`;

exports[`The Modal component should render a TransitionMotion 1`] = `
<Transition
  enter={
    Object {
      "opacity": 1,
    }
  }
  from={
    Object {
      "opacity": 0,
    }
  }
  items={true}
  keys={[Function]}
  leave={
    Object {
      "opacity": 0,
    }
  }
  reset={false}
  unique={false}
>
  <Component />
</Transition>
`;
