// Jest Snapshot v1, https://goo.gl/fbAQLP

exports[`The Page component should render 1`] = `
<div
  className="page page-class"
  id="page-id"
>
  <div
    className="page__content"
    style={
      Object {
        "maxWidth": "100rem",
      }
    }
  >
    <PageTitle
      align="center"
      title="Page title"
    />
  </div>
</div>
`;
