// Jest Snapshot v1, https://goo.gl/fbAQLP

exports[`The PanelArrow component should render 1`] = `
<div
  className="panel-arrow panel-arrow--black"
  style={
    Object {
      "width": "20px",
    }
  }
>
  <svg
    viewBox="0 0 11 7"
  >
    <path
      d=" M 5.5 4.172 L 9.5 0.172 L 10.914 1.586 L 6.914 5.586 L 5.5 7 L 0.086 1.586 L 1.5 0.172 L 5.5 4.172 Z "
      fill="rgb(0,0,0)"
    />
  </svg>
</div>
`;
