// Jest Snapshot v1, https://goo.gl/fbAQLP

exports[`The Popup component should render a confirm popup 1`] = `
<div
  className="popup"
>
  <Modal>
    <div>
      <div
        className="popup__content"
      >
        <div
          className="popup__header"
        >
          Popup header
        </div>
        <div
          className="popup__body"
        >
          <p
            key="0"
          >
            Popup body
          </p>
          <Form
            alwaysEnableSubmitButton={true}
            onSubmitHandler={[Function]}
            primaryBtnShowSpinner={false}
            primaryBtnText="Primary button"
            secondaryBtnHandler={[Function]}
            secondaryBtnShowSpinner={false}
          />
        </div>
      </div>
    </div>
  </Modal>
</div>
`;
