// Jest Snapshot v1, https://goo.gl/fbAQLP

exports[`The Popup component should render a confirm popup 1`] = `
<popupBase
  headerText="Popup header"
  width="sm"
>
  <p
    key="0"
  >
    Popup body
  </p>
  <Form
    alwaysEnableSubmitButton={true}
    onSubmitHandler={[Function]}
    primaryBtnShowSpinner={false}
    primaryBtnText="Primary button"
    secondaryBtnHandler={[Function]}
    secondaryBtnShowSpinner={false}
  />
</popupBase>
`;
