// Jest Snapshot v1, https://goo.gl/fbAQLP

exports[`The ResourceEmptyState component should render 1`] = `
<div
  className="resource-empty-state"
>
  <img
    alt="My devices"
    className="resource-empty-state__image"
    src="../../images/logobot-placeholder-dark.svg"
  />
  <div
    className="resource-empty-state__text"
  >
    Get started by connecting your devices to the cloud
  </div>
  <Button
    appearance="secondary"
    className=""
    linkToNewTab={false}
    onClickHandler={[MockFunction]}
    shape="rectangle"
    type="button"
  >
    Add printers
  </Button>
</div>
`;
