// Jest Snapshot v1, https://goo.gl/fbAQLP

exports[`The SelectList component should render 1`] = `
<div
  className="drop-down-menu"
  onClick={[Function]}
>
  <Button
    className="label"
    linkToNewTab={false}
    onClickHandler={[Function]}
    shape="rectangle"
    style="no-style"
    type="button"
  >
    <div
      className="layout layout--align-middle layout--gutter-none"
    >
      <div
        className="layout__item u-fill"
      >
        <div
          className="label__text"
        >
          Option 1
        </div>
      </div>
      <div
        className="layout__item u-fit layout__item--right"
      >
        <PanelArrow
          active={false}
          color="blue"
          width="1.2rem"
        />
      </div>
    </div>
  </Button>
  <div
    className="container"
  >
    <div
      className="menu"
    >
      <UnmountClosed
        isOpened={false}
        springConfig={
          Object {
            "damping": 35,
            "stiffness": 370,
          }
        }
      >
        <ul>
          <SelectListItem
            active={true}
            key="0"
            label="Option 1"
            onChangeHandler={[Function]}
            value={1}
          />
          <SelectListItem
            active={false}
            disabled={true}
            key="1"
            label="Option 2"
            onChangeHandler={[Function]}
            value={2}
          />
          <SelectListItem
            active={false}
            key="2"
            label="Option 3"
            onChangeHandler={[Function]}
            value={3}
          />
        </ul>
      </UnmountClosed>
    </div>
  </div>
</div>
`;
