// Jest Snapshot v1, https://goo.gl/fbAQLP

exports[`The Spinner component should render 1`] = `
<div
  className="spinner"
>
  <svg
    height="65px"
    viewBox="0 0 66 66"
    width="65px"
    xmlns="http://www.w3.org/2000/svg"
  >
    <circle
      className="path"
      cx="33"
      cy="33"
      fill="none"
      r="30"
      strokeLinecap="round"
      strokeWidth="6"
    />
  </svg>
</div>
`;
