// Jest Snapshot v1, https://goo.gl/fbAQLP

exports[`The Checkbox component should render 1`] = `
<div
  className="toggle-button"
>
  <label
    htmlFor="testToggleButton"
  >
    <input
      checked={false}
      className="toggle-button__input"
      id="testToggleButton"
      name="testToggleButton"
      onChange={[Function]}
      type="checkbox"
    />
    <span
      className="toggle-button__slider"
    />
  </label>
</div>
`;
