// Jest Snapshot v1, https://goo.gl/fbAQLP

exports[`The Tooltip component should render 1`] = `
<div
  className="tooltip-trigger tooltip-trigger--north"
  onMouseEnter={[Function]}
  onMouseLeave={[Function]}
  onTouchEnd={[Function]}
  onTouchStart={[Function]}
>
  <div
    className="tooltip"
  >
    <div
      className="text"
    >
      <p
        key="0"
      >
        Tooltip text
      </p>
    </div>
  </div>
</div>
`;
